// Jest Snapshot v1, https://goo.gl/fbAQLP

exports[`Widget component render correctly 1`] = `
<div
  className="container"
>
  <button
    className="button"
    onClick={[Function]}
  >
    -
  </button>
  <input
    className="input"
    max={10}
    min={0}
    onBlur={[Function]}
    onChange={[Function]}
    onFocus={[Function]}
    type="number"
    value={2}
  />
  <button
    className="button"
    onClick={[Function]}
  >
    +
  </button>
</div>
`;
